Pandoc
  Meta { unMeta = fromList [] }
  [ Para
      [ Link
          ( "" , [] , [] )
          [ Str "Some"
          , Space
          , Str "complex"
          , Space
          , Str "section"
          ]
          ( "#Some-complex-section" , "" )
      ]
  ]
